// Jest Snapshot v1, https://goo.gl/fbAQLP

exports[`Label Input field renders a marked input field with icon or prefix  1`] = `
<div
  className="border-dark border border-opacity-25 rounded-md  w-64 flex flex-row items-start content-center px-1 hover:border-grey-shd1 focus-within:border-opacity-100 bg-white label-container"
>
  <input
    className="px-3 py-1 outline-none"
    style={
      Object {
        "width": "100%",
      }
    }
    type="search"
  />
  <div
    className="pt-2 pr-1 "
  >
    
  </div>
  <div
    className="pr-1 pt-2 cursor-pointer"
  >
    <svg
      className="w-3 h-3"
      fill="#8D9A9E"
      viewBox="0 0 20 20"
      xmlns="http://www.w3.org/2000/svg"
    >
      <path
        clipRule="evenodd"
        d="M5.293 7.293a1 1 0 011.414 0L10 10.586l3.293-3.293a1 1 0 111.414 1.414l-4 4a1 1 0 01-1.414 0l-4-4a1 1 0 010-1.414z"
        fillRule="evenodd"
      />
    </svg>
  </div>
</div>
`;
