// Jest Snapshot v1, https://goo.gl/fbAQLP

exports[`render button based on passed props renders large primary button with left icon 1`] = `
<div>
  Not a Button Yet 
</div>
`;

exports[`render button based on passed props renders large primary button with no icon 1`] = `
<div>
  Not a Button Yet 
</div>
`;

exports[`render button based on passed props renders mid primary button with left icon 1`] = `
<div>
  Not a Button Yet 
</div>
`;

exports[`render button based on passed props renders mid primary button with no icon 1`] = `
<div>
  Not a Button Yet 
</div>
`;

exports[`render button based on passed props renders small primary button with left icon 1`] = `
<div>
  Not a Button Yet 
</div>
`;

exports[`render button based on passed props renders small primary button with no icon 1`] = `
<div>
  Not a Button Yet 
</div>
`;

exports[`render my primary button render primary button comp large size 1`] = `
<button
  className="py-4 px-10 btn-primary text-lg"
>
  <span
    className="inline-block"
  />
  <svg
    className="w-9 h-9 inline-block ml-2"
    fill="currentColor"
    viewBox="0 0 20 20"
    xmlns="http://www.w3.org/2000/svg"
  >
    <path
      clipRule="evenodd"
      d="M5.293 7.293a1 1 0 011.414 0L10 10.586l3.293-3.293a1 1 0 111.414 1.414l-4 4a1 1 0 01-1.414 0l-4-4a1 1 0 010-1.414z"
      fillRule="evenodd"
    />
  </svg>
</button>
`;
