// Jest Snapshot v1, https://goo.gl/fbAQLP

exports[`Test my PostOptions components renders a PostOptions bar  1`] = `
<div
  className="flex flex-row w-full"
>
  <div
    className="mt-0 pb-2"
  >
    <div
      style={
        Object {
          "transform": "scale(0.666)",
        }
      }
    >
      <label
        className="switch"
      >
        <input
          type="checkbox"
        />
        <span
          className="slider round"
        />
      </label>
    </div>
  </div>
  <div
    className="text-xs ml-2 leading-4 mb-0 pr-6  border-r border-grey-shd6"
    style={
      Object {
        "paddingTop": "2px",
      }
    }
  >
    Hide My Identity
  </div>
  <div
    className="text-xs ml-2 leading-4 mb-0 pr-6 cursor-pointer"
    style={
      Object {
        "paddingTop": "2px",
      }
    }
  >
    <label>
      Privacy:
    </label>
    <select
      className="cursor-pointer"
      id="privacy"
      name="privacy"
    >
      <option
        value="Public"
      >
        Public
      </option>
      <option
        value="Custom"
      >
        Custom
      </option>
      <option
        value="Private"
      >
        Private
      </option>
    </select>
  </div>
</div>
`;
